<!DOCTYPE html>
<html lang="en">

<head>
    <meta charset="UTF-8">
    <title>Golden</title>
    <link rel="stylesheet" href="css\main.css">
</head>
<body>
    <header>
        <div class="container">
			<div class="heading clearfix">
				<img src="img/logo.png" alt="Golden" class="logo">
				<nav>
					<ul class="menu">
						<li>
							<a href="#">Home</a>
						</li>
						<li>
							<a href="#">Services</a>
						</li>
						<li>
							<a href="#">Portfolio</a>
						</li>
						<li>
							<a href="#">About</a>
						</li>
						<li>
							<a href="#">Contact</a>
						</li>
					</ul>
				</nav>
			</div>
			<div class="titles">
				<div class="titles__first">
					Welcome To Our Studio!
				</div>
				<h1>
					It’s nice to Meet you
				</h1>
			</div>
			<a class="button" href="#">Tell Me More</a>
		</div>
    </header>

    <section>
        <div class="container">
			<div class="title">
				<h2>Services</h2>
				<p>Proin iaculis purus consequat sem cure.</p>
			</div>
			<div class="services">
				<div class="services_">
					<img src="img/icon1.png" alt="Послуга">
					<h3>E-Commerce</h3>
					<p>Proin iaculis purus consequat sem cure 
						digni ssim. Donec porttitora entum suscipit 
						aenean rhoncus posuere odio in tincidunt.</p>
				</div>
				<div class="services_">
					<img src="img/icon2.png" alt="Послуга">
					<h3>Responsive Web</h3>
					<p>Proin iaculis purus consequat sem cure 
						digni ssim. Donec porttitora entum suscipit 
						aenean rhoncus posuere odio in tincidunt.</p>
				</div>
				<div class="services_">
					<img src="img/icon3.png" alt="Послуга">
					<h3>Web Security</h3>
					<p>Proin iaculis purus consequat sem cure 
						digni ssim. Donec porttitora entum suscipit 
						aenean rhoncus posuere odio in tincidunt.</p>
				</div>
			</div>	

			</div>
        </div>
        
    </section>
    <section id="portfolio" class="portfolio">
        <div class="container">
			<div class="title">
				<h2>Our portfolio</h2>
				<p>Proin iaculis purus consequat sem cure. </p>
			</div>
			<div class="img_portf">
				<img src="img/img1.jpg" alt="portfolio">
				<img src="img/img2.jpg" alt="portfolio">
				<img src="img/img3.jpg" alt="portfolio">
			</div>
        </div>
        
    </section>
     <section>
        <div class="container">
			<div class="title">
				<h2>About us</h2>
				<p>Proin iaculis purus consequat sem cure.</p>
			</div>
			<div class="about">
				<div class="ab_1">
					<div class="descr">
						<h4>July 2010</h4>
						<h3>Our Humble Beginnings</h3>
						<p>Proin iaculis purus consequat sem cure 
						digni ssim. Donec porttitora entum suscipit 
						aenean rhoncus posuere odio in tincidunt. Proin 
						iaculis purus consequat sem cure digni 
						ssim. Donec porttitora entum suscipit.</p>
					</div>
		
					<div class="ab1_img">
						<img src="img/about1.jpg" alt="about">
					</div>
				</div>

				<div class="ab_2">
					<div class="ab2_img">
						<img src="img/about2.jpg" alt="about">
					</div>

					<div class="descr">
						<h4>January 2011</h4>
						<h3>Facing Startup Battles</h3>
						<p>Proin iaculis purus consequat sem cure 
							digni ssim. Donec porttitora entum suscipit 
							aenean rhoncus posuere odio in tincidunt. Proin 
							iaculis purus consequat sem cure digni 
							ssim. Donec porttitora entum suscipit aenean 
							rhoncus posuere odio in tincidunt.</p>
					</div>
				</div>

				<div class="ab_3">
					<div class="descr">
						<h4>December 2012</h4>
						<h3>Enter The Dark Days</h3>
						<p>Proin iaculis purus consequat sem cure 
						digni ssim. Donec porttitora entum suscipit 
						aenean rhoncus posuere odio in tincidunt. Proin 
						iaculis purus consequat sem cure digni 
						ssim.</p>
					</div>
		
					<div class="ab3_img">
						<img src="img/about3.jpg" alt="about">
					</div>
				</div>

				<div class="ab_4">
					<div class="ab4_img">
						<img src="img/about4.jpg" alt="about">
					</div>

					<div class="descr">
						<h4>february 20141</h4>
						<h3>Our Triumph</h3>
						<p>Proin iaculis purus consequat sem cure 
							digni ssim. Donec porttitora entum suscipit 
							aenean rhoncus posuere odio in tincidunt. Proin 
							iaculis purus consequat sem cure digni 
							ssim. Donec porttitora entum suscipit aenean.</p>
					</div>
				</div>	
			</div>
        </div>
        
    </section>
    <footer>
        <div class="container">
			<div class="text">
			<p>© Copyright 2014 FreebiesXpress.com</p>	
			</div>
        </div>
        
    </footer>
  
</body>
</html>